
> oasis_united@0.1.0 build
> next build

node.exe : ΓÜá 
Warning: Next.js 
inferred your 
workspace root, but it 
may not be correct.
At C:\Program Files\nod
ejs\npm.ps1:29 char:3
+   & $NODE_EXE 
$NPM_CLI_JS $args
+   ~~~~~~~~~~~~~~~~~~~
~~~~~~~~~~
    + CategoryInfo     
         : NotSpecifi  
  ed: (ΓÜá Warning:    
 Ne...not be correc    
t.:String) [], Rem    
oteException
    + FullyQualifiedEr 
   rorId : NativeComm  
  andError
 
 We detected multiple 
lockfiles and selected 
the directory of C:\Use
rs\Sean\package-lock.js
on as the root 
directory.
 To silence this 
warning, set 
`turbopack.root` in 
your Next.js config, 
or consider removing 
one of the lockfiles 
if it's not needed.
   See https://nextjs.o
rg/docs/app/api-referen
ce/config/next-config-j
s/turbopack#root-direct
ory for more 
information.
 Detected additional 
lockfiles: 
   * C:\Users\Sean\.gem
ini\antigravity\scratch
\oasis_united\package-l
ock.json

Γû▓ Next.js 16.1.1 (Turbopack)
- Environments: .env.local


> Build error occurred
Error: Both middleware 
file "./src\src\middlew
are.ts" and proxy file 
"./src\src\proxy.ts" 
are detected. Please 
use 
"./src\src\proxy.ts" 
only. Learn more: https
://nextjs.org/docs/mess
ages/middleware-to-prox
y
    at ignore-listed 
frames
